Archive member included to satisfy reference by file (symbol)

/home/carver/.local/RISC-V Embedded GCC12/bin/../lib/gcc/riscv-wch-elf/12.2.0/rv32ec/ilp32e/libgcc.a(muldi3.o)
                              build/debug.o (__mulsi3)
/home/carver/.local/RISC-V Embedded GCC12/bin/../lib/gcc/riscv-wch-elf/12.2.0/rv32ec/ilp32e/libgcc.a(div.o)
                              build/system_ch32v00x.o (__divsi3)

Discarded input sections

 .text          0x0000000000000000        0x0 build/ch32v00x_it.o
 .data          0x0000000000000000        0x0 build/ch32v00x_it.o
 .bss           0x0000000000000000        0x0 build/ch32v00x_it.o
 .text          0x0000000000000000        0x0 build/system_ch32v00x.o
 .data          0x0000000000000000        0x0 build/system_ch32v00x.o
 .bss           0x0000000000000000        0x0 build/system_ch32v00x.o
 .text          0x0000000000000000        0x0 build/main.o
 .data          0x0000000000000000        0x0 build/main.o
 .bss           0x0000000000000000        0x0 build/main.o
 .text          0x0000000000000000        0x0 build/ch32v00x_wwdg.o
 .data          0x0000000000000000        0x0 build/ch32v00x_wwdg.o
 .bss           0x0000000000000000        0x0 build/ch32v00x_wwdg.o
 .text.WWDG_DeInit
                0x0000000000000000       0x2a build/ch32v00x_wwdg.o
 .text.WWDG_SetPrescaler
                0x0000000000000000       0x14 build/ch32v00x_wwdg.o
 .text.WWDG_SetWindowValue
                0x0000000000000000       0x26 build/ch32v00x_wwdg.o
 .text.WWDG_EnableIT
                0x0000000000000000       0x12 build/ch32v00x_wwdg.o
 .text.WWDG_SetCounter
                0x0000000000000000        0xe build/ch32v00x_wwdg.o
 .text.WWDG_Enable
                0x0000000000000000        0xe build/ch32v00x_wwdg.o
 .text.WWDG_GetFlagStatus
                0x0000000000000000        0xc build/ch32v00x_wwdg.o
 .text.WWDG_ClearFlag
                0x0000000000000000        0xe build/ch32v00x_wwdg.o
 .debug_info    0x0000000000000000      0x2bc build/ch32v00x_wwdg.o
 .debug_abbrev  0x0000000000000000      0x1a5 build/ch32v00x_wwdg.o
 .debug_loc     0x0000000000000000       0xda build/ch32v00x_wwdg.o
 .debug_aranges
                0x0000000000000000       0x58 build/ch32v00x_wwdg.o
 .debug_ranges  0x0000000000000000       0x48 build/ch32v00x_wwdg.o
 .debug_line    0x0000000000000000      0x388 build/ch32v00x_wwdg.o
 .debug_str     0x0000000000000000      0x2ea build/ch32v00x_wwdg.o
 .comment       0x0000000000000000       0x34 build/ch32v00x_wwdg.o
 .debug_frame   0x0000000000000000       0xa8 build/ch32v00x_wwdg.o
 .riscv.attributes
                0x0000000000000000       0x21 build/ch32v00x_wwdg.o
 .text          0x0000000000000000        0x0 build/ch32v00x_dbgmcu.o
 .data          0x0000000000000000        0x0 build/ch32v00x_dbgmcu.o
 .bss           0x0000000000000000        0x0 build/ch32v00x_dbgmcu.o
 .text.DBGMCU_GetREVID
                0x0000000000000000        0xa build/ch32v00x_dbgmcu.o
 .text.__get_DEBUG_CR
                0x0000000000000000        0x6 build/ch32v00x_dbgmcu.o
 .text.__set_DEBUG_CR
                0x0000000000000000        0x6 build/ch32v00x_dbgmcu.o
 .text.DBGMCU_Config
                0x0000000000000000       0x14 build/ch32v00x_dbgmcu.o
 .text          0x0000000000000000        0x0 build/ch32v00x_pwr.o
 .data          0x0000000000000000        0x0 build/ch32v00x_pwr.o
 .bss           0x0000000000000000        0x0 build/ch32v00x_pwr.o
 .text.PWR_DeInit
                0x0000000000000000       0x24 build/ch32v00x_pwr.o
 .text.PWR_PVDCmd
                0x0000000000000000       0x14 build/ch32v00x_pwr.o
 .text.PWR_PVDLevelConfig
                0x0000000000000000       0x10 build/ch32v00x_pwr.o
 .text.PWR_AutoWakeUpCmd
                0x0000000000000000       0x14 build/ch32v00x_pwr.o
 .text.PWR_AWU_SetPrescaler
                0x0000000000000000        0xe build/ch32v00x_pwr.o
 .text.PWR_AWU_SetWindowValue
                0x0000000000000000       0x1e build/ch32v00x_pwr.o
 .text.PWR_EnterSTANDBYMode
                0x0000000000000000       0x68 build/ch32v00x_pwr.o
 .text.PWR_GetFlagStatus
                0x0000000000000000        0xe build/ch32v00x_pwr.o
 .debug_info    0x0000000000000000      0x5ee build/ch32v00x_pwr.o
 .debug_abbrev  0x0000000000000000      0x20b build/ch32v00x_pwr.o
 .debug_loc     0x0000000000000000      0x12a build/ch32v00x_pwr.o
 .debug_aranges
                0x0000000000000000       0x58 build/ch32v00x_pwr.o
 .debug_ranges  0x0000000000000000       0x60 build/ch32v00x_pwr.o
 .debug_line    0x0000000000000000      0x53d build/ch32v00x_pwr.o
 .debug_str     0x0000000000000000      0x3fe build/ch32v00x_pwr.o
 .comment       0x0000000000000000       0x34 build/ch32v00x_pwr.o
 .debug_frame   0x0000000000000000       0xa4 build/ch32v00x_pwr.o
 .riscv.attributes
                0x0000000000000000       0x21 build/ch32v00x_pwr.o
 .text          0x0000000000000000        0x0 build/ch32v00x_misc.o
 .data          0x0000000000000000        0x0 build/ch32v00x_misc.o
 .bss           0x0000000000000000        0x0 build/ch32v00x_misc.o
 .text.NVIC_Init
                0x0000000000000000       0xbe build/ch32v00x_misc.o
 .text          0x0000000000000000        0x0 build/ch32v00x_usart.o
 .data          0x0000000000000000        0x0 build/ch32v00x_usart.o
 .bss           0x0000000000000000        0x0 build/ch32v00x_usart.o
 .text.USART_DeInit
                0x0000000000000000       0x2e build/ch32v00x_usart.o
 .text.USART_StructInit
                0x0000000000000000       0x18 build/ch32v00x_usart.o
 .text.USART_ClockInit
                0x0000000000000000       0x2a build/ch32v00x_usart.o
 .text.USART_ClockStructInit
                0x0000000000000000       0x12 build/ch32v00x_usart.o
 .text.USART_ITConfig
                0x0000000000000000       0x38 build/ch32v00x_usart.o
 .text.USART_DMACmd
                0x0000000000000000       0x16 build/ch32v00x_usart.o
 .text.USART_SetAddress
                0x0000000000000000       0x1e build/ch32v00x_usart.o
 .text.USART_WakeUpConfig
                0x0000000000000000       0x1c build/ch32v00x_usart.o
 .text.USART_ReceiverWakeUpCmd
                0x0000000000000000       0x1c build/ch32v00x_usart.o
 .text.USART_LINBreakDetectLengthConfig
                0x0000000000000000       0x20 build/ch32v00x_usart.o
 .text.USART_LINCmd
                0x0000000000000000       0x18 build/ch32v00x_usart.o
 .text.USART_ReceiveData
                0x0000000000000000        0xa build/ch32v00x_usart.o
 .text.USART_SendBreak
                0x0000000000000000        0xe build/ch32v00x_usart.o
 .text.USART_SetGuardTime
                0x0000000000000000       0x1a build/ch32v00x_usart.o
 .text.USART_SetPrescaler
                0x0000000000000000       0x20 build/ch32v00x_usart.o
 .text.USART_SmartCardCmd
                0x0000000000000000       0x1e build/ch32v00x_usart.o
 .text.USART_SmartCardNACKCmd
                0x0000000000000000       0x1c build/ch32v00x_usart.o
 .text.USART_HalfDuplexCmd
                0x0000000000000000       0x1c build/ch32v00x_usart.o
 .text.USART_OverSampling8Cmd
                0x0000000000000000       0x16 build/ch32v00x_usart.o
 .text.USART_OneBitMethodCmd
                0x0000000000000000       0x22 build/ch32v00x_usart.o
 .text.USART_IrDAConfig
                0x0000000000000000       0x1e build/ch32v00x_usart.o
 .text.USART_IrDACmd
                0x0000000000000000       0x1c build/ch32v00x_usart.o
 .text.USART_ClearFlag
                0x0000000000000000        0xe build/ch32v00x_usart.o
 .text.USART_GetITStatus
                0x0000000000000000       0x44 build/ch32v00x_usart.o
 .text.USART_ClearITPendingBit
                0x0000000000000000       0x16 build/ch32v00x_usart.o
 .text          0x0000000000000000        0x0 build/ch32v00x_dma.o
 .data          0x0000000000000000        0x0 build/ch32v00x_dma.o
 .bss           0x0000000000000000        0x0 build/ch32v00x_dma.o
 .text.DMA_DeInit
                0x0000000000000000       0x92 build/ch32v00x_dma.o
 .text.DMA_Init
                0x0000000000000000       0x38 build/ch32v00x_dma.o
 .text.DMA_StructInit
                0x0000000000000000       0x2e build/ch32v00x_dma.o
 .text.DMA_Cmd  0x0000000000000000       0x14 build/ch32v00x_dma.o
 .text.DMA_ITConfig
                0x0000000000000000       0x14 build/ch32v00x_dma.o
 .text.DMA_SetCurrDataCounter
                0x0000000000000000        0x4 build/ch32v00x_dma.o
 .text.DMA_GetCurrDataCounter
                0x0000000000000000        0x8 build/ch32v00x_dma.o
 .text.DMA_GetFlagStatus
                0x0000000000000000        0xe build/ch32v00x_dma.o
 .text.DMA_ClearFlag
                0x0000000000000000        0x8 build/ch32v00x_dma.o
 .text.DMA_GetITStatus
                0x0000000000000000        0x8 build/ch32v00x_dma.o
 .text.DMA_ClearITPendingBit
                0x0000000000000000        0x8 build/ch32v00x_dma.o
 .debug_info    0x0000000000000000      0x4b7 build/ch32v00x_dma.o
 .debug_abbrev  0x0000000000000000      0x182 build/ch32v00x_dma.o
 .debug_loc     0x0000000000000000      0x131 build/ch32v00x_dma.o
 .debug_aranges
                0x0000000000000000       0x70 build/ch32v00x_dma.o
 .debug_ranges  0x0000000000000000       0x60 build/ch32v00x_dma.o
 .debug_line    0x0000000000000000      0x6a2 build/ch32v00x_dma.o
 .debug_str     0x0000000000000000      0x41b build/ch32v00x_dma.o
 .comment       0x0000000000000000       0x34 build/ch32v00x_dma.o
 .debug_frame   0x0000000000000000       0xc0 build/ch32v00x_dma.o
 .riscv.attributes
                0x0000000000000000       0x21 build/ch32v00x_dma.o
 .text          0x0000000000000000        0x0 build/ch32v00x_flash.o
 .data          0x0000000000000000        0x0 build/ch32v00x_flash.o
 .bss           0x0000000000000000        0x0 build/ch32v00x_flash.o
 .text.FLASH_SetLatency
                0x0000000000000000       0x10 build/ch32v00x_flash.o
 .text.FLASH_Unlock
                0x0000000000000000       0x1a build/ch32v00x_flash.o
 .text.FLASH_Lock
                0x0000000000000000        0xe build/ch32v00x_flash.o
 .text.FLASH_GetUserOptionByte
                0x0000000000000000        0xa build/ch32v00x_flash.o
 .text.FLASH_GetWriteProtectionOptionByte
                0x0000000000000000        0x8 build/ch32v00x_flash.o
 .text.FLASH_GetReadOutProtectionStatus
                0x0000000000000000        0xc build/ch32v00x_flash.o
 .text.FLASH_ITConfig
                0x0000000000000000       0x1e build/ch32v00x_flash.o
 .text.FLASH_GetFlagStatus
                0x0000000000000000       0x1e build/ch32v00x_flash.o
 .text.FLASH_ClearFlag
                0x0000000000000000        0x8 build/ch32v00x_flash.o
 .text.FLASH_GetStatus
                0x0000000000000000       0x16 build/ch32v00x_flash.o
 .text.FLASH_GetBank1Status
                0x0000000000000000       0x16 build/ch32v00x_flash.o
 .text.FLASH_WaitForLastOperation
                0x0000000000000000       0x32 build/ch32v00x_flash.o
 .text.FLASH_ErasePage
                0x0000000000000000       0x4e build/ch32v00x_flash.o
 .text.FLASH_EraseAllPages
                0x0000000000000000       0x46 build/ch32v00x_flash.o
 .text.FLASH_EraseOptionBytes
                0x0000000000000000       0xa0 build/ch32v00x_flash.o
 .text.FLASH_ProgramWord
                0x0000000000000000       0x72 build/ch32v00x_flash.o
 .text.FLASH_ProgramHalfWord
                0x0000000000000000       0x48 build/ch32v00x_flash.o
 .text.FLASH_ProgramOptionByteData
                0x0000000000000000       0x62 build/ch32v00x_flash.o
 .text.FLASH_EnableWriteProtection
                0x0000000000000000       0xa0 build/ch32v00x_flash.o
 .text.FLASH_ReadOutProtection
                0x0000000000000000       0xb4 build/ch32v00x_flash.o
 .text.FLASH_UserOptionByteConfig
                0x0000000000000000       0x78 build/ch32v00x_flash.o
 .text.FLASH_WaitForLastBank1Operation
                0x0000000000000000        0x8 build/ch32v00x_flash.o
 .text.FLASH_Unlock_Fast
                0x0000000000000000       0x1e build/ch32v00x_flash.o
 .text.FLASH_Lock_Fast
                0x0000000000000000        0x8 build/ch32v00x_flash.o
 .text.FLASH_BufReset
                0x0000000000000000       0x28 build/ch32v00x_flash.o
 .text.FLASH_BufLoad
                0x0000000000000000       0x36 build/ch32v00x_flash.o
 .text.FLASH_ErasePage_Fast
                0x0000000000000000       0x36 build/ch32v00x_flash.o
 .text.FLASH_ProgramPage_Fast
                0x0000000000000000       0x34 build/ch32v00x_flash.o
 .text.SystemReset_StartMode
                0x0000000000000000       0x4c build/ch32v00x_flash.o
 .debug_info    0x0000000000000000      0xa8b build/ch32v00x_flash.o
 .debug_abbrev  0x0000000000000000      0x2e7 build/ch32v00x_flash.o
 .debug_loc     0x0000000000000000      0x893 build/ch32v00x_flash.o
 .debug_aranges
                0x0000000000000000      0x100 build/ch32v00x_flash.o
 .debug_ranges  0x0000000000000000       0xf0 build/ch32v00x_flash.o
 .debug_line    0x0000000000000000     0x146f build/ch32v00x_flash.o
 .debug_str     0x0000000000000000      0x626 build/ch32v00x_flash.o
 .comment       0x0000000000000000       0x34 build/ch32v00x_flash.o
 .debug_frame   0x0000000000000000      0x2c4 build/ch32v00x_flash.o
 .riscv.attributes
                0x0000000000000000       0x21 build/ch32v00x_flash.o
 .text          0x0000000000000000        0x0 build/ch32v00x_spi.o
 .data          0x0000000000000000        0x0 build/ch32v00x_spi.o
 .bss           0x0000000000000000        0x0 build/ch32v00x_spi.o
 .text.SPI_I2S_DeInit
                0x0000000000000000       0x2a build/ch32v00x_spi.o
 .text.SPI_Init
                0x0000000000000000       0x4c build/ch32v00x_spi.o
 .text.SPI_StructInit
                0x0000000000000000       0x24 build/ch32v00x_spi.o
 .text.SPI_Cmd  0x0000000000000000       0x1e build/ch32v00x_spi.o
 .text.SPI_I2S_ITConfig
                0x0000000000000000       0x22 build/ch32v00x_spi.o
 .text.SPI_I2S_DMACmd
                0x0000000000000000       0x16 build/ch32v00x_spi.o
 .text.SPI_I2S_SendData
                0x0000000000000000        0x6 build/ch32v00x_spi.o
 .text.SPI_I2S_ReceiveData
                0x0000000000000000        0x6 build/ch32v00x_spi.o
 .text.SPI_NSSInternalSoftwareConfig
                0x0000000000000000       0x2a build/ch32v00x_spi.o
 .text.SPI_SSOutputCmd
                0x0000000000000000       0x1c build/ch32v00x_spi.o
 .text.SPI_DataSizeConfig
                0x0000000000000000       0x1c build/ch32v00x_spi.o
 .text.SPI_TransmitCRC
                0x0000000000000000        0xe build/ch32v00x_spi.o
 .text.SPI_CalculateCRC
                0x0000000000000000       0x18 build/ch32v00x_spi.o
 .text.SPI_GetCRC
                0x0000000000000000       0x16 build/ch32v00x_spi.o
 .text.SPI_GetCRCPolynomial
                0x0000000000000000        0x6 build/ch32v00x_spi.o
 .text.SPI_BiDirectionalLineConfig
                0x0000000000000000       0x20 build/ch32v00x_spi.o
 .text.SPI_I2S_GetFlagStatus
                0x0000000000000000        0xc build/ch32v00x_spi.o
 .text.SPI_I2S_ClearFlag
                0x0000000000000000        0xe build/ch32v00x_spi.o
 .text.SPI_I2S_GetITStatus
                0x0000000000000000       0x2e build/ch32v00x_spi.o
 .text.SPI_I2S_ClearITPendingBit
                0x0000000000000000       0x16 build/ch32v00x_spi.o
 .debug_info    0x0000000000000000      0x848 build/ch32v00x_spi.o
 .debug_abbrev  0x0000000000000000      0x1f8 build/ch32v00x_spi.o
 .debug_loc     0x0000000000000000      0x484 build/ch32v00x_spi.o
 .debug_aranges
                0x0000000000000000       0xb8 build/ch32v00x_spi.o
 .debug_ranges  0x0000000000000000       0xa8 build/ch32v00x_spi.o
 .debug_line    0x0000000000000000      0x8f5 build/ch32v00x_spi.o
 .debug_str     0x0000000000000000      0x561 build/ch32v00x_spi.o
 .comment       0x0000000000000000       0x34 build/ch32v00x_spi.o
 .debug_frame   0x0000000000000000      0x15c build/ch32v00x_spi.o
 .riscv.attributes
                0x0000000000000000       0x21 build/ch32v00x_spi.o
 .text          0x0000000000000000        0x0 build/ch32v00x_rcc.o
 .data          0x0000000000000000        0x0 build/ch32v00x_rcc.o
 .bss           0x0000000000000000        0x0 build/ch32v00x_rcc.o
 .text.RCC_DeInit
                0x0000000000000000       0x40 build/ch32v00x_rcc.o
 .text.RCC_HSEConfig
                0x0000000000000000       0x3c build/ch32v00x_rcc.o
 .text.RCC_AdjustHSICalibrationValue
                0x0000000000000000       0x12 build/ch32v00x_rcc.o
 .text.RCC_HSICmd
                0x0000000000000000       0x14 build/ch32v00x_rcc.o
 .text.RCC_PLLConfig
                0x0000000000000000       0x16 build/ch32v00x_rcc.o
 .text.RCC_PLLCmd
                0x0000000000000000       0x24 build/ch32v00x_rcc.o
 .text.RCC_SYSCLKConfig
                0x0000000000000000        0xe build/ch32v00x_rcc.o
 .text.RCC_GetSYSCLKSource
                0x0000000000000000        0xa build/ch32v00x_rcc.o
 .text.RCC_HCLKConfig
                0x0000000000000000       0x10 build/ch32v00x_rcc.o
 .text.RCC_ITConfig
                0x0000000000000000       0x1a build/ch32v00x_rcc.o
 .text.RCC_ADCCLKConfig
                0x0000000000000000       0x14 build/ch32v00x_rcc.o
 .text.RCC_LSICmd
                0x0000000000000000       0x14 build/ch32v00x_rcc.o
 .text.RCC_AHBPeriphClockCmd
                0x0000000000000000       0x1e build/ch32v00x_rcc.o
 .text.RCC_APB1PeriphClockCmd
                0x0000000000000000       0x1e build/ch32v00x_rcc.o
 .text.RCC_APB2PeriphResetCmd
                0x0000000000000000       0x1e build/ch32v00x_rcc.o
 .text.RCC_APB1PeriphResetCmd
                0x0000000000000000       0x1e build/ch32v00x_rcc.o
 .text.RCC_ClockSecuritySystemCmd
                0x0000000000000000       0x24 build/ch32v00x_rcc.o
 .text.RCC_MCOConfig
                0x0000000000000000        0xa build/ch32v00x_rcc.o
 .text.RCC_GetFlagStatus
                0x0000000000000000       0x20 build/ch32v00x_rcc.o
 .text.RCC_WaitForHSEStartUp
                0x0000000000000000       0x38 build/ch32v00x_rcc.o
 .text.RCC_ClearFlag
                0x0000000000000000       0x10 build/ch32v00x_rcc.o
 .text.RCC_GetITStatus
                0x0000000000000000        0xe build/ch32v00x_rcc.o
 .text.RCC_ClearITPendingBit
                0x0000000000000000        0xa build/ch32v00x_rcc.o
 .text          0x0000000000000000        0x0 build/ch32v00x_gpio.o
 .data          0x0000000000000000        0x0 build/ch32v00x_gpio.o
 .bss           0x0000000000000000        0x0 build/ch32v00x_gpio.o
 .text.GPIO_DeInit
                0x0000000000000000       0x66 build/ch32v00x_gpio.o
 .text.GPIO_AFIODeInit
                0x0000000000000000       0x20 build/ch32v00x_gpio.o
 .text.GPIO_StructInit
                0x0000000000000000       0x10 build/ch32v00x_gpio.o
 .text.GPIO_ReadInputDataBit
                0x0000000000000000        0xc build/ch32v00x_gpio.o
 .text.GPIO_ReadInputData
                0x0000000000000000        0x8 build/ch32v00x_gpio.o
 .text.GPIO_ReadOutputDataBit
                0x0000000000000000        0xc build/ch32v00x_gpio.o
 .text.GPIO_ReadOutputData
                0x0000000000000000        0x8 build/ch32v00x_gpio.o
 .text.GPIO_SetBits
                0x0000000000000000        0x4 build/ch32v00x_gpio.o
 .text.GPIO_ResetBits
                0x0000000000000000        0x4 build/ch32v00x_gpio.o
 .text.GPIO_Write
                0x0000000000000000        0x4 build/ch32v00x_gpio.o
 .text.GPIO_PinLockConfig
                0x0000000000000000       0x10 build/ch32v00x_gpio.o
 .text.GPIO_EXTILineConfig
                0x0000000000000000       0x22 build/ch32v00x_gpio.o
 .text          0x0000000000000000        0x0 build/ch32v00x_iwdg.o
 .data          0x0000000000000000        0x0 build/ch32v00x_iwdg.o
 .bss           0x0000000000000000        0x0 build/ch32v00x_iwdg.o
 .text.IWDG_WriteAccessCmd
                0x0000000000000000        0x8 build/ch32v00x_iwdg.o
 .text.IWDG_SetPrescaler
                0x0000000000000000        0x8 build/ch32v00x_iwdg.o
 .text.IWDG_SetReload
                0x0000000000000000        0x8 build/ch32v00x_iwdg.o
 .text.IWDG_ReloadCounter
                0x0000000000000000        0xe build/ch32v00x_iwdg.o
 .text.IWDG_Enable
                0x0000000000000000        0xe build/ch32v00x_iwdg.o
 .text.IWDG_GetFlagStatus
                0x0000000000000000        0xe build/ch32v00x_iwdg.o
 .debug_info    0x0000000000000000      0x226 build/ch32v00x_iwdg.o
 .debug_abbrev  0x0000000000000000      0x128 build/ch32v00x_iwdg.o
 .debug_loc     0x0000000000000000       0x68 build/ch32v00x_iwdg.o
 .debug_aranges
                0x0000000000000000       0x48 build/ch32v00x_iwdg.o
 .debug_ranges  0x0000000000000000       0x38 build/ch32v00x_iwdg.o
 .debug_line    0x0000000000000000      0x256 build/ch32v00x_iwdg.o
 .debug_str     0x0000000000000000      0x2c7 build/ch32v00x_iwdg.o
 .comment       0x0000000000000000       0x34 build/ch32v00x_iwdg.o
 .debug_frame   0x0000000000000000       0x70 build/ch32v00x_iwdg.o
 .riscv.attributes
                0x0000000000000000       0x21 build/ch32v00x_iwdg.o
 .text          0x0000000000000000        0x0 build/ch32v00x_exti.o
 .data          0x0000000000000000        0x0 build/ch32v00x_exti.o
 .bss           0x0000000000000000        0x0 build/ch32v00x_exti.o
 .text.EXTI_DeInit
                0x0000000000000000       0x22 build/ch32v00x_exti.o
 .text.EXTI_Init
                0x0000000000000000       0x62 build/ch32v00x_exti.o
 .text.EXTI_StructInit
                0x0000000000000000       0x12 build/ch32v00x_exti.o
 .text.EXTI_GenerateSWInterrupt
                0x0000000000000000       0x10 build/ch32v00x_exti.o
 .text.EXTI_GetFlagStatus
                0x0000000000000000       0x12 build/ch32v00x_exti.o
 .text.EXTI_ClearFlag
                0x0000000000000000        0xc build/ch32v00x_exti.o
 .text.EXTI_GetITStatus
                0x0000000000000000       0x1a build/ch32v00x_exti.o
 .text.EXTI_ClearITPendingBit
                0x0000000000000000        0xc build/ch32v00x_exti.o
 .debug_info    0x0000000000000000      0x390 build/ch32v00x_exti.o
 .debug_abbrev  0x0000000000000000      0x178 build/ch32v00x_exti.o
 .debug_loc     0x0000000000000000      0x136 build/ch32v00x_exti.o
 .debug_aranges
                0x0000000000000000       0x58 build/ch32v00x_exti.o
 .debug_ranges  0x0000000000000000       0x48 build/ch32v00x_exti.o
 .debug_line    0x0000000000000000      0x4f0 build/ch32v00x_exti.o
 .debug_str     0x0000000000000000      0x3b5 build/ch32v00x_exti.o
 .comment       0x0000000000000000       0x34 build/ch32v00x_exti.o
 .debug_frame   0x0000000000000000       0x90 build/ch32v00x_exti.o
 .riscv.attributes
                0x0000000000000000       0x21 build/ch32v00x_exti.o
 .text          0x0000000000000000        0x0 build/ch32v00x_i2c.o
 .data          0x0000000000000000        0x0 build/ch32v00x_i2c.o
 .bss           0x0000000000000000        0x0 build/ch32v00x_i2c.o
 .text.I2C_DeInit
                0x0000000000000000       0x32 build/ch32v00x_i2c.o
 .text.I2C_Init
                0x0000000000000000      0x11e build/ch32v00x_i2c.o
 .text.I2C_StructInit
                0x0000000000000000       0x1a build/ch32v00x_i2c.o
 .text.I2C_Cmd  0x0000000000000000       0x1c build/ch32v00x_i2c.o
 .text.I2C_DMACmd
                0x0000000000000000       0x22 build/ch32v00x_i2c.o
 .text.I2C_DMALastTransferCmd
                0x0000000000000000       0x18 build/ch32v00x_i2c.o
 .text.I2C_GenerateSTART
                0x0000000000000000       0x1e build/ch32v00x_i2c.o
 .text.I2C_GenerateSTOP
                0x0000000000000000       0x1e build/ch32v00x_i2c.o
 .text.I2C_AcknowledgeConfig
                0x0000000000000000       0x1e build/ch32v00x_i2c.o
 .text.I2C_OwnAddress2Config
                0x0000000000000000       0x18 build/ch32v00x_i2c.o
 .text.I2C_DualAddressCmd
                0x0000000000000000       0x1c build/ch32v00x_i2c.o
 .text.I2C_GeneralCallCmd
                0x0000000000000000       0x1e build/ch32v00x_i2c.o
 .text.I2C_ITConfig
                0x0000000000000000       0x16 build/ch32v00x_i2c.o
 .text.I2C_SendData
                0x0000000000000000        0x6 build/ch32v00x_i2c.o
 .text.I2C_ReceiveData
                0x0000000000000000        0xa build/ch32v00x_i2c.o
 .text.I2C_Send7bitAddress
                0x0000000000000000       0x10 build/ch32v00x_i2c.o
 .text.I2C_ReadRegister
                0x0000000000000000       0x16 build/ch32v00x_i2c.o
 .text.I2C_SoftwareResetCmd
                0x0000000000000000       0x16 build/ch32v00x_i2c.o
 .text.I2C_NACKPositionConfig
                0x0000000000000000       0x26 build/ch32v00x_i2c.o
 .text.I2C_TransmitPEC
                0x0000000000000000       0x18 build/ch32v00x_i2c.o
 .text.I2C_PECPositionConfig
                0x0000000000000000        0x8 build/ch32v00x_i2c.o
 .text.I2C_CalculatePEC
                0x0000000000000000       0x1e build/ch32v00x_i2c.o
 .text.I2C_GetPEC
                0x0000000000000000        0x8 build/ch32v00x_i2c.o
 .text.I2C_ARPCmd
                0x0000000000000000       0x1c build/ch32v00x_i2c.o
 .text.I2C_StretchClockCmd
                0x0000000000000000       0x1e build/ch32v00x_i2c.o
 .text.I2C_FastModeDutyCycleConfig
                0x0000000000000000       0x20 build/ch32v00x_i2c.o
 .text.I2C_CheckEvent
                0x0000000000000000       0x1a build/ch32v00x_i2c.o
 .text.I2C_GetLastEvent
                0x0000000000000000       0x12 build/ch32v00x_i2c.o
 .text.I2C_GetFlagStatus
                0x0000000000000000       0x32 build/ch32v00x_i2c.o
 .text.I2C_ClearFlag
                0x0000000000000000        0xe build/ch32v00x_i2c.o
 .text.I2C_GetITStatus
                0x0000000000000000       0x20 build/ch32v00x_i2c.o
 .text.I2C_ClearITPendingBit
                0x0000000000000000        0xe build/ch32v00x_i2c.o
 .debug_info    0x0000000000000000      0xc76 build/ch32v00x_i2c.o
 .debug_abbrev  0x0000000000000000      0x288 build/ch32v00x_i2c.o
 .debug_loc     0x0000000000000000      0x7ae build/ch32v00x_i2c.o
 .debug_aranges
                0x0000000000000000      0x118 build/ch32v00x_i2c.o
 .debug_ranges  0x0000000000000000      0x108 build/ch32v00x_i2c.o
 .debug_line    0x0000000000000000     0x101d build/ch32v00x_i2c.o
 .debug_str     0x0000000000000000      0x6e4 build/ch32v00x_i2c.o
 .comment       0x0000000000000000       0x34 build/ch32v00x_i2c.o
 .debug_frame   0x0000000000000000      0x248 build/ch32v00x_i2c.o
 .riscv.attributes
                0x0000000000000000       0x21 build/ch32v00x_i2c.o
 .text          0x0000000000000000        0x0 build/ch32v00x_adc.o
 .data          0x0000000000000000        0x0 build/ch32v00x_adc.o
 .bss           0x0000000000000000        0x0 build/ch32v00x_adc.o
 .text.ADC_DeInit
                0x0000000000000000       0x32 build/ch32v00x_adc.o
 .text.ADC_Init
                0x0000000000000000       0x50 build/ch32v00x_adc.o
 .text.ADC_StructInit
                0x0000000000000000       0x1c build/ch32v00x_adc.o
 .text.ADC_Cmd  0x0000000000000000       0x10 build/ch32v00x_adc.o
 .text.ADC_DMACmd
                0x0000000000000000       0x12 build/ch32v00x_adc.o
 .text.ADC_ITConfig
                0x0000000000000000       0x18 build/ch32v00x_adc.o
 .text.ADC_ResetCalibration
                0x0000000000000000        0xa build/ch32v00x_adc.o
 .text.ADC_GetResetCalibrationStatus
                0x0000000000000000        0x8 build/ch32v00x_adc.o
 .text.ADC_StartCalibration
                0x0000000000000000        0xa build/ch32v00x_adc.o
 .text.ADC_GetCalibrationStatus
                0x0000000000000000        0x8 build/ch32v00x_adc.o
 .text.ADC_SoftwareStartConvCmd
                0x0000000000000000       0x18 build/ch32v00x_adc.o
 .text.ADC_GetSoftwareStartConvStatus
                0x0000000000000000        0x8 build/ch32v00x_adc.o
 .text.ADC_DiscModeChannelCountConfig
                0x0000000000000000       0x12 build/ch32v00x_adc.o
 .text.ADC_DiscModeCmd
                0x0000000000000000       0x1a build/ch32v00x_adc.o
 .text.ADC_RegularChannelConfig
                0x0000000000000000       0xb8 build/ch32v00x_adc.o
 .text.ADC_ExternalTrigConvCmd
                0x0000000000000000       0x18 build/ch32v00x_adc.o
 .text.ADC_GetConversionValue
                0x0000000000000000        0x8 build/ch32v00x_adc.o
 .text.ADC_AutoInjectedConvCmd
                0x0000000000000000       0x12 build/ch32v00x_adc.o
 .text.ADC_InjectedDiscModeCmd
                0x0000000000000000       0x14 build/ch32v00x_adc.o
 .text.ADC_ExternalTrigInjectedConvConfig
                0x0000000000000000        0xe build/ch32v00x_adc.o
 .text.ADC_ExternalTrigInjectedConvCmd
                0x0000000000000000       0x14 build/ch32v00x_adc.o
 .text.ADC_SoftwareStartInjectedConvCmd
                0x0000000000000000       0x18 build/ch32v00x_adc.o
 .text.ADC_GetSoftwareStartInjectedConvCmdStatus
                0x0000000000000000        0x8 build/ch32v00x_adc.o
 .text.ADC_InjectedChannelConfig
                0x0000000000000000       0x78 build/ch32v00x_adc.o
 .text.ADC_InjectedSequencerLengthConfig
                0x0000000000000000       0x14 build/ch32v00x_adc.o
 .text.ADC_SetInjectedOffset
                0x0000000000000000       0x14 build/ch32v00x_adc.o
 .text.ADC_GetInjectedConversionValue
                0x0000000000000000       0x1c build/ch32v00x_adc.o
 .text.ADC_AnalogWatchdogCmd
                0x0000000000000000       0x12 build/ch32v00x_adc.o
 .text.ADC_AnalogWatchdogThresholdsConfig
                0x0000000000000000        0x6 build/ch32v00x_adc.o
 .text.ADC_AnalogWatchdogSingleChannelConfig
                0x0000000000000000        0xa build/ch32v00x_adc.o
 .text.ADC_GetFlagStatus
                0x0000000000000000        0xc build/ch32v00x_adc.o
 .text.ADC_ClearFlag
                0x0000000000000000        0x8 build/ch32v00x_adc.o
 .text.ADC_GetITStatus
                0x0000000000000000       0x18 build/ch32v00x_adc.o
 .text.ADC_ClearITPendingBit
                0x0000000000000000        0xa build/ch32v00x_adc.o
 .text.ADC_Calibration_Vol
                0x0000000000000000       0x14 build/ch32v00x_adc.o
 .text.ADC_ExternalTrig_DLY
                0x0000000000000000       0x16 build/ch32v00x_adc.o
 .debug_info    0x0000000000000000      0xd49 build/ch32v00x_adc.o
 .debug_abbrev  0x0000000000000000      0x1f4 build/ch32v00x_adc.o
 .debug_loc     0x0000000000000000      0xa32 build/ch32v00x_adc.o
 .debug_aranges
                0x0000000000000000      0x138 build/ch32v00x_adc.o
 .debug_ranges  0x0000000000000000      0x128 build/ch32v00x_adc.o
 .debug_line    0x0000000000000000     0x1347 build/ch32v00x_adc.o
 .debug_str     0x0000000000000000      0x7b2 build/ch32v00x_adc.o
 .comment       0x0000000000000000       0x34 build/ch32v00x_adc.o
 .debug_frame   0x0000000000000000      0x26c build/ch32v00x_adc.o
 .riscv.attributes
                0x0000000000000000       0x21 build/ch32v00x_adc.o
 .text          0x0000000000000000        0x0 build/ch32v00x_opa.o
 .data          0x0000000000000000        0x0 build/ch32v00x_opa.o
 .bss           0x0000000000000000        0x0 build/ch32v00x_opa.o
 .text.OPA_DeInit
                0x0000000000000000       0x16 build/ch32v00x_opa.o
 .text.OPA_Init
                0x0000000000000000       0x22 build/ch32v00x_opa.o
 .text.OPA_StructInit
                0x0000000000000000        0xa build/ch32v00x_opa.o
 .text.OPA_Cmd  0x0000000000000000       0x22 build/ch32v00x_opa.o
 .debug_info    0x0000000000000000      0x213 build/ch32v00x_opa.o
 .debug_abbrev  0x0000000000000000      0x10e build/ch32v00x_opa.o
 .debug_loc     0x0000000000000000       0x2a build/ch32v00x_opa.o
 .debug_aranges
                0x0000000000000000       0x38 build/ch32v00x_opa.o
 .debug_ranges  0x0000000000000000       0x28 build/ch32v00x_opa.o
 .debug_line    0x0000000000000000      0x2b6 build/ch32v00x_opa.o
 .debug_str     0x0000000000000000      0x295 build/ch32v00x_opa.o
 .comment       0x0000000000000000       0x34 build/ch32v00x_opa.o
 .debug_frame   0x0000000000000000       0x50 build/ch32v00x_opa.o
 .riscv.attributes
                0x0000000000000000       0x21 build/ch32v00x_opa.o
 .text          0x0000000000000000        0x0 build/ch32v00x_tim.o
 .data          0x0000000000000000        0x0 build/ch32v00x_tim.o
 .bss           0x0000000000000000        0x0 build/ch32v00x_tim.o
 .text.TI1_Config
                0x0000000000000000       0x6c build/ch32v00x_tim.o
 .text.TI2_Config
                0x0000000000000000       0x7a build/ch32v00x_tim.o
 .text.TIM_DeInit
                0x0000000000000000       0x64 build/ch32v00x_tim.o
 .text.TIM_TimeBaseInit
                0x0000000000000000       0x64 build/ch32v00x_tim.o
 .text.TIM_OC1Init
                0x0000000000000000       0x86 build/ch32v00x_tim.o
 .text.TIM_OC2Init
                0x0000000000000000       0xb0 build/ch32v00x_tim.o
 .text.TIM_OC3Init
                0x0000000000000000       0xb0 build/ch32v00x_tim.o
 .text.TIM_OC4Init
                0x0000000000000000       0x80 build/ch32v00x_tim.o
 .text.TIM_BDTRConfig
                0x0000000000000000       0x2e build/ch32v00x_tim.o
 .text.TIM_TimeBaseStructInit
                0x0000000000000000       0x18 build/ch32v00x_tim.o
 .text.TIM_OCStructInit
                0x0000000000000000       0x22 build/ch32v00x_tim.o
 .text.TIM_ICStructInit
                0x0000000000000000       0x18 build/ch32v00x_tim.o
 .text.TIM_BDTRStructInit
                0x0000000000000000       0x1e build/ch32v00x_tim.o
 .text.TIM_Cmd  0x0000000000000000       0x1c build/ch32v00x_tim.o
 .text.TIM_CtrlPWMOutputs
                0x0000000000000000       0x16 build/ch32v00x_tim.o
 .text.TIM_ITConfig
                0x0000000000000000       0x16 build/ch32v00x_tim.o
 .text.TIM_GenerateEvent
                0x0000000000000000        0x6 build/ch32v00x_tim.o
 .text.TIM_DMAConfig
                0x0000000000000000        0x8 build/ch32v00x_tim.o
 .text.TIM_DMACmd
                0x0000000000000000        0x8 build/ch32v00x_tim.o
 .text.TIM_InternalClockConfig
                0x0000000000000000       0x14 build/ch32v00x_tim.o
 .text.TIM_ITRxExternalClockConfig
                0x0000000000000000       0x20 build/ch32v00x_tim.o
 .text.TIM_TIxExternalClockConfig
                0x0000000000000000       0x52 build/ch32v00x_tim.o
 .text.TIM_ETRConfig
                0x0000000000000000       0x1a build/ch32v00x_tim.o
 .text.TIM_ETRClockMode1Config
                0x0000000000000000       0x2c build/ch32v00x_tim.o
 .text.TIM_ETRClockMode2Config
                0x0000000000000000       0x24 build/ch32v00x_tim.o
 .text.TIM_PrescalerConfig
                0x0000000000000000        0xa build/ch32v00x_tim.o
 .text.TIM_CounterModeConfig
                0x0000000000000000       0x14 build/ch32v00x_tim.o
 .text.TIM_SelectInputTrigger
                0x0000000000000000       0x14 build/ch32v00x_tim.o
 .text.TIM_EncoderInterfaceConfig
                0x0000000000000000       0x46 build/ch32v00x_tim.o
 .text.TIM_ForcedOC1Config
                0x0000000000000000       0x14 build/ch32v00x_tim.o
 .text.TIM_ForcedOC2Config
                0x0000000000000000       0x18 build/ch32v00x_tim.o
 .text.TIM_ForcedOC3Config
                0x0000000000000000       0x14 build/ch32v00x_tim.o
 .text.TIM_ForcedOC4Config
                0x0000000000000000       0x18 build/ch32v00x_tim.o
 .text.TIM_ARRPreloadConfig
                0x0000000000000000       0x1e build/ch32v00x_tim.o
 .text.TIM_SelectCOM
                0x0000000000000000       0x1c build/ch32v00x_tim.o
 .text.TIM_SelectCCDMA
                0x0000000000000000       0x1c build/ch32v00x_tim.o
 .text.TIM_CCPreloadControl
                0x0000000000000000       0x1c build/ch32v00x_tim.o
 .text.TIM_OC1PreloadConfig
                0x0000000000000000       0x12 build/ch32v00x_tim.o
 .text.TIM_OC2PreloadConfig
                0x0000000000000000       0x1a build/ch32v00x_tim.o
 .text.TIM_OC3PreloadConfig
                0x0000000000000000       0x12 build/ch32v00x_tim.o
 .text.TIM_OC4PreloadConfig
                0x0000000000000000       0x1a build/ch32v00x_tim.o
 .text.TIM_OC1FastConfig
                0x0000000000000000       0x12 build/ch32v00x_tim.o
 .text.TIM_OC2FastConfig
                0x0000000000000000       0x1a build/ch32v00x_tim.o
 .text.TIM_OC3FastConfig
                0x0000000000000000       0x12 build/ch32v00x_tim.o
 .text.TIM_OC4FastConfig
                0x0000000000000000       0x1a build/ch32v00x_tim.o
 .text.TIM_ClearOC1Ref
                0x0000000000000000       0x14 build/ch32v00x_tim.o
 .text.TIM_ClearOC2Ref
                0x0000000000000000       0x16 build/ch32v00x_tim.o
 .text.TIM_ClearOC3Ref
                0x0000000000000000       0x14 build/ch32v00x_tim.o
 .text.TIM_ClearOC4Ref
                0x0000000000000000       0x16 build/ch32v00x_tim.o
 .text.TIM_OC1PolarityConfig
                0x0000000000000000       0x12 build/ch32v00x_tim.o
 .text.TIM_OC1NPolarityConfig
                0x0000000000000000       0x12 build/ch32v00x_tim.o
 .text.TIM_OC2PolarityConfig
                0x0000000000000000       0x1a build/ch32v00x_tim.o
 .text.TIM_OC2NPolarityConfig
                0x0000000000000000       0x1a build/ch32v00x_tim.o
 .text.TIM_OC3PolarityConfig
                0x0000000000000000       0x1a build/ch32v00x_tim.o
 .text.TIM_OC3NPolarityConfig
                0x0000000000000000       0x1a build/ch32v00x_tim.o
 .text.TIM_OC4PolarityConfig
                0x0000000000000000       0x18 build/ch32v00x_tim.o
 .text.TIM_CCxCmd
                0x0000000000000000       0x28 build/ch32v00x_tim.o
 .text.TIM_CCxNCmd
                0x0000000000000000       0x28 build/ch32v00x_tim.o
 .text.TIM_SelectOCxM
                0x0000000000000000       0x54 build/ch32v00x_tim.o
 .text.TIM_UpdateDisableConfig
                0x0000000000000000       0x1c build/ch32v00x_tim.o
 .text.TIM_UpdateRequestConfig
                0x0000000000000000       0x1c build/ch32v00x_tim.o
 .text.TIM_SelectHallSensor
                0x0000000000000000       0x1e build/ch32v00x_tim.o
 .text.TIM_SelectOnePulseMode
                0x0000000000000000       0x1e build/ch32v00x_tim.o
 .text.TIM_SelectOutputTrigger
                0x0000000000000000       0x20 build/ch32v00x_tim.o
 .text.TIM_SelectSlaveMode
                0x0000000000000000       0x1e build/ch32v00x_tim.o
 .text.TIM_SelectMasterSlaveMode
                0x0000000000000000       0x20 build/ch32v00x_tim.o
 .text.TIM_SetCounter
                0x0000000000000000        0x6 build/ch32v00x_tim.o
 .text.TIM_SetAutoreload
                0x0000000000000000        0x6 build/ch32v00x_tim.o
 .text.TIM_SetCompare1
                0x0000000000000000        0x4 build/ch32v00x_tim.o
 .text.TIM_SetCompare2
                0x0000000000000000        0x4 build/ch32v00x_tim.o
 .text.TIM_SetCompare3
                0x0000000000000000        0x4 build/ch32v00x_tim.o
 .text.TIM_SetCompare4
                0x0000000000000000        0x4 build/ch32v00x_tim.o
 .text.TIM_SetIC1Prescaler
                0x0000000000000000       0x1e build/ch32v00x_tim.o
 .text.TIM_SetIC2Prescaler
                0x0000000000000000       0x22 build/ch32v00x_tim.o
 .text.TIM_PWMIConfig
                0x0000000000000000       0xac build/ch32v00x_tim.o
 .text.TIM_SetIC3Prescaler
                0x0000000000000000       0x1e build/ch32v00x_tim.o
 .text.TIM_SetIC4Prescaler
                0x0000000000000000       0x22 build/ch32v00x_tim.o
 .text.TIM_ICInit
                0x0000000000000000      0x186 build/ch32v00x_tim.o
 .text.TIM_SetClockDivision
                0x0000000000000000       0x20 build/ch32v00x_tim.o
 .text.TIM_GetCapture1
                0x0000000000000000        0x8 build/ch32v00x_tim.o
 .text.TIM_GetCapture2
                0x0000000000000000        0x8 build/ch32v00x_tim.o
 .text.TIM_GetCapture3
                0x0000000000000000        0x8 build/ch32v00x_tim.o
 .text.TIM_GetCapture4
                0x0000000000000000        0x8 build/ch32v00x_tim.o
 .text.TIM_GetCounter
                0x0000000000000000        0x6 build/ch32v00x_tim.o
 .text.TIM_GetPrescaler
                0x0000000000000000        0x6 build/ch32v00x_tim.o
 .text.TIM_GetFlagStatus
                0x0000000000000000        0xc build/ch32v00x_tim.o
 .text.TIM_ClearFlag
                0x0000000000000000        0xe build/ch32v00x_tim.o
 .text.TIM_GetITStatus
                0x0000000000000000       0x1c build/ch32v00x_tim.o
 .text.TIM_ClearITPendingBit
                0x0000000000000000        0xe build/ch32v00x_tim.o
 .debug_info    0x0000000000000000     0x2291 build/ch32v00x_tim.o
 .debug_abbrev  0x0000000000000000      0x34a build/ch32v00x_tim.o
 .debug_loc     0x0000000000000000     0x1866 build/ch32v00x_tim.o
 .debug_aranges
                0x0000000000000000      0x2e0 build/ch32v00x_tim.o
 .debug_ranges  0x0000000000000000      0x318 build/ch32v00x_tim.o
 .debug_line    0x0000000000000000     0x3178 build/ch32v00x_tim.o
 .debug_str     0x0000000000000000      0xe77 build/ch32v00x_tim.o
 .comment       0x0000000000000000       0x34 build/ch32v00x_tim.o
 .debug_frame   0x0000000000000000      0x65c build/ch32v00x_tim.o
 .riscv.attributes
                0x0000000000000000       0x21 build/ch32v00x_tim.o
 .text          0x0000000000000000        0x0 build/core_riscv.o
 .data          0x0000000000000000        0x0 build/core_riscv.o
 .bss           0x0000000000000000        0x0 build/core_riscv.o
 .text.__get_MSTATUS
                0x0000000000000000        0x6 build/core_riscv.o
 .text.__set_MSTATUS
                0x0000000000000000        0x6 build/core_riscv.o
 .text.__get_MISA
                0x0000000000000000        0x6 build/core_riscv.o
 .text.__set_MISA
                0x0000000000000000        0x6 build/core_riscv.o
 .text.__get_MTVEC
                0x0000000000000000        0x6 build/core_riscv.o
 .text.__set_MTVEC
                0x0000000000000000        0x6 build/core_riscv.o
 .text.__get_MSCRATCH
                0x0000000000000000        0x6 build/core_riscv.o
 .text.__set_MSCRATCH
                0x0000000000000000        0x6 build/core_riscv.o
 .text.__get_MEPC
                0x0000000000000000        0x6 build/core_riscv.o
 .text.__set_MEPC
                0x0000000000000000        0x6 build/core_riscv.o
 .text.__get_MCAUSE
                0x0000000000000000        0x6 build/core_riscv.o
 .text.__set_MCAUSE
                0x0000000000000000        0x6 build/core_riscv.o
 .text.__get_MVENDORID
                0x0000000000000000        0x6 build/core_riscv.o
 .text.__get_MARCHID
                0x0000000000000000        0x6 build/core_riscv.o
 .text.__get_MIMPID
                0x0000000000000000        0x6 build/core_riscv.o
 .text.__get_MHARTID
                0x0000000000000000        0x6 build/core_riscv.o
 .text.__get_SP
                0x0000000000000000        0x4 build/core_riscv.o
 .debug_info    0x0000000000000000      0x36b build/core_riscv.o
 .debug_abbrev  0x0000000000000000       0xe2 build/core_riscv.o
 .debug_aranges
                0x0000000000000000       0xa0 build/core_riscv.o
 .debug_ranges  0x0000000000000000       0x90 build/core_riscv.o
 .debug_line    0x0000000000000000      0x3cf build/core_riscv.o
 .debug_str     0x0000000000000000      0x295 build/core_riscv.o
 .comment       0x0000000000000000       0x34 build/core_riscv.o
 .debug_frame   0x0000000000000000      0x120 build/core_riscv.o
 .riscv.attributes
                0x0000000000000000       0x21 build/core_riscv.o
 .text          0x0000000000000000        0x0 build/debug.o
 .data          0x0000000000000000        0x0 build/debug.o
 .bss           0x0000000000000000        0x0 build/debug.o
 .text.Delay_Us
                0x0000000000000000       0x48 build/debug.o
 .text.USART_Printf_Init
                0x0000000000000000       0x74 build/debug.o
 .text._write   0x0000000000000000       0x58 build/debug.o
 .text._sbrk    0x0000000000000000       0x2e build/debug.o
 .data.curbrk.0
                0x0000000000000000        0x4 build/debug.o
 .text          0x0000000000000000        0x0 build/ds18b20.o
 .data          0x0000000000000000        0x0 build/ds18b20.o
 .bss           0x0000000000000000        0x0 build/ds18b20.o
 .text.ds18b20_release
                0x0000000000000000       0x3e build/ds18b20.o
 .text.ds18b20_drive_low
                0x0000000000000000       0x3e build/ds18b20.o
 .text.ds18b20_write_byte
                0x0000000000000000       0x74 build/ds18b20.o
 .text.ds18b20_read_bit
                0x0000000000000000       0x5a build/ds18b20.o
 .text.DS18B20_Init
                0x0000000000000000       0x24 build/ds18b20.o
 .text.DS18B20_Reset
                0x0000000000000000       0x5e build/ds18b20.o
 .text.DS18B20_StartConversion
                0x0000000000000000       0x6a build/ds18b20.o
 .text.DS18B20_ReadRaw
                0x0000000000000000       0xda build/ds18b20.o
 .text.DS18B20_ReadTemperatureC_x100
                0x0000000000000000       0x4c build/ds18b20.o
 .debug_info    0x0000000000000000      0xade build/ds18b20.o
 .debug_abbrev  0x0000000000000000      0x2fd build/ds18b20.o
 .debug_loc     0x0000000000000000      0x6fe build/ds18b20.o
 .debug_aranges
                0x0000000000000000       0x60 build/ds18b20.o
 .debug_ranges  0x0000000000000000       0xd0 build/ds18b20.o
 .debug_line    0x0000000000000000      0x844 build/ds18b20.o
 .debug_str     0x0000000000000000      0x510 build/ds18b20.o
 .comment       0x0000000000000000       0x34 build/ds18b20.o
 .debug_frame   0x0000000000000000      0x14c build/ds18b20.o
 .riscv.attributes
                0x0000000000000000       0x21 build/ds18b20.o
 .text          0x0000000000000000        0x0 build/startup_ch32v00x.o
 .data          0x0000000000000000        0x0 build/startup_ch32v00x.o
 .bss           0x0000000000000000        0x0 build/startup_ch32v00x.o
 .data          0x0000000000000000        0x0 /home/carver/.local/RISC-V Embedded GCC12/bin/../lib/gcc/riscv-wch-elf/12.2.0/rv32ec/ilp32e/libgcc.a(muldi3.o)
 .bss           0x0000000000000000        0x0 /home/carver/.local/RISC-V Embedded GCC12/bin/../lib/gcc/riscv-wch-elf/12.2.0/rv32ec/ilp32e/libgcc.a(muldi3.o)
 .data          0x0000000000000000        0x0 /home/carver/.local/RISC-V Embedded GCC12/bin/../lib/gcc/riscv-wch-elf/12.2.0/rv32ec/ilp32e/libgcc.a(div.o)
 .bss           0x0000000000000000        0x0 /home/carver/.local/RISC-V Embedded GCC12/bin/../lib/gcc/riscv-wch-elf/12.2.0/rv32ec/ilp32e/libgcc.a(div.o)

Memory Configuration

Name             Origin             Length             Attributes
FLASH            0x0000000000000000 0x0000000000004000 xr
RAM              0x0000000020000000 0x0000000000000800 xrw
*default*        0x0000000000000000 0xffffffffffffffff

Linker script and memory map

LOAD build/ch32v00x_it.o
LOAD build/system_ch32v00x.o
LOAD build/main.o
LOAD build/ch32v00x_wwdg.o
LOAD build/ch32v00x_dbgmcu.o
LOAD build/ch32v00x_pwr.o
LOAD build/ch32v00x_misc.o
LOAD build/ch32v00x_usart.o
LOAD build/ch32v00x_dma.o
LOAD build/ch32v00x_flash.o
LOAD build/ch32v00x_spi.o
LOAD build/ch32v00x_rcc.o
LOAD build/ch32v00x_gpio.o
LOAD build/ch32v00x_iwdg.o
LOAD build/ch32v00x_exti.o
LOAD build/ch32v00x_i2c.o
LOAD build/ch32v00x_adc.o
LOAD build/ch32v00x_opa.o
LOAD build/ch32v00x_tim.o
LOAD build/core_riscv.o
LOAD build/debug.o
LOAD build/ds18b20.o
LOAD build/startup_ch32v00x.o
LOAD /home/carver/.local/RISC-V Embedded GCC12/bin/../lib/gcc/riscv-wch-elf/12.2.0/rv32ec/ilp32e/libgcc.a
LOAD /home/carver/.local/RISC-V Embedded GCC12/bin/../lib/gcc/riscv-wch-elf/12.2.0/../../../../riscv-wch-elf/lib/rv32ec/ilp32e/libg_nano.a
LOAD /home/carver/.local/RISC-V Embedded GCC12/bin/../lib/gcc/riscv-wch-elf/12.2.0/../../../../riscv-wch-elf/lib/rv32ec/ilp32e/libc_nano.a
LOAD /home/carver/.local/RISC-V Embedded GCC12/bin/../lib/gcc/riscv-wch-elf/12.2.0/rv32ec/ilp32e/libgcc.a
START GROUP
LOAD /home/carver/.local/RISC-V Embedded GCC12/bin/../lib/gcc/riscv-wch-elf/12.2.0/rv32ec/ilp32e/libgcc.a
LOAD /home/carver/.local/RISC-V Embedded GCC12/bin/../lib/gcc/riscv-wch-elf/12.2.0/../../../../riscv-wch-elf/lib/rv32ec/ilp32e/libc_nano.a
LOAD /home/carver/.local/RISC-V Embedded GCC12/bin/../lib/gcc/riscv-wch-elf/12.2.0/../../../../riscv-wch-elf/lib/rv32ec/ilp32e/libnosys.a
END GROUP
START GROUP
LOAD /home/carver/.local/RISC-V Embedded GCC12/bin/../lib/gcc/riscv-wch-elf/12.2.0/rv32ec/ilp32e/libgcc.a
LOAD /home/carver/.local/RISC-V Embedded GCC12/bin/../lib/gcc/riscv-wch-elf/12.2.0/../../../../riscv-wch-elf/lib/rv32ec/ilp32e/libc_nano.a
LOAD /home/carver/.local/RISC-V Embedded GCC12/bin/../lib/gcc/riscv-wch-elf/12.2.0/../../../../riscv-wch-elf/lib/rv32ec/ilp32e/libnosys.a
END GROUP
                0x0000000000000200                __stack_size = 0x200
                [!provide]                        PROVIDE (_stack_size = __stack_size)

.init           0x0000000000000000       0xa0
                0x0000000000000000                _sinit = .
                0x0000000000000000                . = ALIGN (0x4)
 *(SORT_NONE(.init))
 .init          0x0000000000000000       0x9e build/startup_ch32v00x.o
                0x0000000000000000                _start
                0x00000000000000a0                . = ALIGN (0x4)
 *fill*         0x000000000000009e        0x2 
                0x00000000000000a0                _einit = .

.text           0x00000000000000a0      0x854
                0x00000000000000a0                . = ALIGN (0x4)
 *(.text)
 .text          0x00000000000000a0       0x16 /home/carver/.local/RISC-V Embedded GCC12/bin/../lib/gcc/riscv-wch-elf/12.2.0/rv32ec/ilp32e/libgcc.a(muldi3.o)
                0x00000000000000a0                __mulsi3
 *fill*         0x00000000000000b6        0x2 
 .text          0x00000000000000b8       0x7e /home/carver/.local/RISC-V Embedded GCC12/bin/../lib/gcc/riscv-wch-elf/12.2.0/rv32ec/ilp32e/libgcc.a(div.o)
                0x00000000000000b8                __divsi3
                0x00000000000000c0                __hidden___udivsi3
                0x00000000000000c0                __udivsi3
                0x00000000000000ec                __umodsi3
                0x0000000000000110                __modsi3
 *(.text.*)
 .text.NMI_Handler
                0x0000000000000136        0x4 build/ch32v00x_it.o
                0x0000000000000136                NMI_Handler
 .text.HardFault_Handler
                0x000000000000013a        0x2 build/ch32v00x_it.o
                0x000000000000013a                HardFault_Handler
 .text.SystemInit
                0x000000000000013c       0x90 build/system_ch32v00x.o
                0x000000000000013c                SystemInit
 .text.SystemCoreClockUpdate
                0x00000000000001cc       0x68 build/system_ch32v00x.o
                0x00000000000001cc                SystemCoreClockUpdate
 .text.UART_Upload_SendByte
                0x0000000000000234       0x2c build/main.o
 .text.UART_Upload_SendString
                0x0000000000000260       0x20 build/main.o
 .text.UART_Upload_SendKV_U32
                0x0000000000000280       0x76 build/main.o
 .text.LED_PD1_Init
                0x00000000000002f6       0x3c build/main.o
                0x00000000000002f6                LED_PD1_Init
 .text.startup.main
                0x0000000000000332       0xd6 build/main.o
                0x0000000000000332                main
 .text.DBGMCU_GetDEVID
                0x0000000000000408        0xa build/ch32v00x_dbgmcu.o
                0x0000000000000408                DBGMCU_GetDEVID
 .text.NVIC_PriorityGroupConfig
                0x0000000000000412        0xa build/ch32v00x_misc.o
                0x0000000000000412                NVIC_PriorityGroupConfig
 .text.USART_Init
                0x000000000000041c       0xe8 build/ch32v00x_usart.o
                0x000000000000041c                USART_Init
 .text.USART_Cmd
                0x0000000000000504       0x18 build/ch32v00x_usart.o
                0x0000000000000504                USART_Cmd
 .text.USART_SendData
                0x000000000000051c        0xa build/ch32v00x_usart.o
                0x000000000000051c                USART_SendData
 .text.USART_GetFlagStatus
                0x0000000000000526        0xc build/ch32v00x_usart.o
                0x0000000000000526                USART_GetFlagStatus
 .text.RCC_GetClocksFreq
                0x0000000000000532       0x8e build/ch32v00x_rcc.o
                0x0000000000000532                RCC_GetClocksFreq
 .text.RCC_APB2PeriphClockCmd
                0x00000000000005c0       0x1e build/ch32v00x_rcc.o
                0x00000000000005c0                RCC_APB2PeriphClockCmd
 .text.GPIO_Init
                0x00000000000005de       0xd4 build/ch32v00x_gpio.o
                0x00000000000005de                GPIO_Init
 .text.GPIO_WriteBit
                0x00000000000006b2        0xa build/ch32v00x_gpio.o
                0x00000000000006b2                GPIO_WriteBit
 .text.GPIO_PinRemapConfig
                0x00000000000006bc       0xba build/ch32v00x_gpio.o
                0x00000000000006bc                GPIO_PinRemapConfig
 .text.Delay_Init
                0x0000000000000776       0x3c build/debug.o
                0x0000000000000776                Delay_Init
 .text.Delay_Ms
                0x00000000000007b2       0x44 build/debug.o
                0x00000000000007b2                Delay_Ms
 .text.vector_handler
                0x00000000000007f6       0x36 build/startup_ch32v00x.o
                0x00000000000007fa                SysTick_Handler
                0x00000000000007fc                SW_Handler
                0x00000000000007fe                WWDG_IRQHandler
                0x0000000000000800                PVD_IRQHandler
                0x0000000000000802                FLASH_IRQHandler
                0x0000000000000804                RCC_IRQHandler
                0x0000000000000806                EXTI7_0_IRQHandler
                0x0000000000000808                AWU_IRQHandler
                0x000000000000080a                DMA1_Channel1_IRQHandler
                0x000000000000080c                DMA1_Channel2_IRQHandler
                0x000000000000080e                DMA1_Channel3_IRQHandler
                0x0000000000000810                DMA1_Channel4_IRQHandler
                0x0000000000000812                DMA1_Channel5_IRQHandler
                0x0000000000000814                DMA1_Channel6_IRQHandler
                0x0000000000000816                DMA1_Channel7_IRQHandler
                0x0000000000000818                ADC1_IRQHandler
                0x000000000000081a                I2C1_EV_IRQHandler
                0x000000000000081c                I2C1_ER_IRQHandler
                0x000000000000081e                USART1_IRQHandler
                0x0000000000000820                SPI1_IRQHandler
                0x0000000000000822                TIM1_BRK_IRQHandler
                0x0000000000000824                TIM1_UP_IRQHandler
                0x0000000000000826                TIM1_TRG_COM_IRQHandler
                0x0000000000000828                TIM1_CC_IRQHandler
                0x000000000000082a                TIM2_IRQHandler
 .text.handle_reset
                0x000000000000082c       0x84 build/startup_ch32v00x.o
                0x000000000000082c                handle_reset
 *(.rodata)
 *(.rodata*)
 *fill*         0x00000000000008b0        0x0 
 .rodata.UART_Upload_SendKV_U32.str1.4
                0x00000000000008b0        0x3 build/main.o
 *fill*         0x00000000000008b3        0x1 
 .rodata.main.str1.4
                0x00000000000008b4       0x40 build/main.o
 *(.gnu.linkonce.t.*)
                0x00000000000008f4                . = ALIGN (0x4)

.rela.dyn       0x00000000000008f4        0x0
 .rela.init     0x00000000000008f4        0x0 build/ch32v00x_it.o
 .rela.text.handle_reset
                0x00000000000008f4        0x0 build/ch32v00x_it.o

.fini           0x00000000000008f4        0x0
 *(SORT_NONE(.fini))
                0x00000000000008f4                . = ALIGN (0x4)
                [!provide]                        PROVIDE (_etext = .)
                [!provide]                        PROVIDE (_eitcm = .)

.preinit_array  0x00000000000008f4        0x0
                [!provide]                        PROVIDE (__preinit_array_start = .)
 *(.preinit_array)
                [!provide]                        PROVIDE (__preinit_array_end = .)

.init_array     0x00000000000008f4        0x0
                [!provide]                        PROVIDE (__init_array_start = .)
 *(SORT_BY_INIT_PRIORITY(.init_array.*) SORT_BY_INIT_PRIORITY(.ctors.*))
 *(.init_array EXCLUDE_FILE(*crtend?.o *crtend.o *crtbegin?.o *crtbegin.o) .ctors)
                [!provide]                        PROVIDE (__init_array_end = .)

.fini_array     0x00000000000008f4        0x0
                [!provide]                        PROVIDE (__fini_array_start = .)
 *(SORT_BY_INIT_PRIORITY(.fini_array.*) SORT_BY_INIT_PRIORITY(.dtors.*))
 *(.fini_array EXCLUDE_FILE(*crtend?.o *crtend.o *crtbegin?.o *crtbegin.o) .dtors)
                [!provide]                        PROVIDE (__fini_array_end = .)

.ctors
 *crtbegin.o(.ctors)
 *crtbegin?.o(.ctors)
 *(EXCLUDE_FILE(*crtend?.o *crtend.o) .ctors)
 *(SORT_BY_NAME(.ctors.*))
 *(.ctors)

.dtors
 *crtbegin.o(.dtors)
 *crtbegin?.o(.dtors)
 *(EXCLUDE_FILE(*crtend?.o *crtend.o) .dtors)
 *(SORT_BY_NAME(.dtors.*))
 *(.dtors)

.dalign         0x0000000020000000        0x0 load address 0x00000000000008f4
                0x0000000020000000                . = ALIGN (0x4)
                0x0000000020000000                PROVIDE (_data_vma = .)

.dlalign        0x00000000000008f4        0x0
                0x00000000000008f4                . = ALIGN (0x4)
                0x00000000000008f4                PROVIDE (_data_lma = .)

.data           0x0000000020000000       0x38 load address 0x00000000000008f4
                0x0000000020000000                . = ALIGN (0x4)
 *(.gnu.linkonce.r.*)
 *(.data .data.*)
 .data.AHBPrescTable
                0x0000000020000000       0x10 build/system_ch32v00x.o
                0x0000000020000000                AHBPrescTable
 .data.SystemCoreClock
                0x0000000020000010        0x4 build/system_ch32v00x.o
                0x0000000020000010                SystemCoreClock
 .data.ADCPrescTable
                0x0000000020000014       0x14 build/ch32v00x_rcc.o
 .data.APBAHBPrescTable
                0x0000000020000028       0x10 build/ch32v00x_rcc.o
 *(.gnu.linkonce.d.*)
                0x0000000020000038                . = ALIGN (0x8)
                0x0000000020000838                PROVIDE (__global_pointer$ = (. + 0x800))
 *(.sdata .sdata.*)
 *(.sdata2*)
 *(.gnu.linkonce.s.*)
                0x0000000020000038                . = ALIGN (0x8)
 *(.srodata.cst16)
 *(.srodata.cst8)
 *(.srodata.cst4)
 *(.srodata.cst2)
 *(.srodata .srodata.*)
                0x0000000020000038                . = ALIGN (0x4)
                0x0000000020000038                PROVIDE (_edata = .)

.bss            0x0000000020000038        0x8 load address 0x000000000000092c
                0x0000000020000038                . = ALIGN (0x4)
                0x0000000020000038                PROVIDE (_sbss = .)
 *(.sbss*)
 *(.gnu.linkonce.sb.*)
 *(.bss*)
 .bss.NVIC_Priority_Group
                0x0000000020000038        0x4 build/ch32v00x_misc.o
                0x0000000020000038                NVIC_Priority_Group
 .bss.p_ms      0x000000002000003c        0x2 build/debug.o
 .bss.p_us      0x000000002000003e        0x1 build/debug.o
 *(.gnu.linkonce.b.*)
 *(COMMON*)
                0x0000000020000040                . = ALIGN (0x4)
 *fill*         0x000000002000003f        0x1 
                0x0000000020000040                PROVIDE (_ebss = .)
                0x0000000020000040                PROVIDE (_end = _ebss)
                [!provide]                        PROVIDE (end = .)

.stack          0x0000000020000600      0x200
                0x0000000020000600                PROVIDE (_heap_end = .)
                0x0000000020000600                . = ALIGN (0x4)
                [!provide]                        PROVIDE (_susrstack = .)
                0x0000000020000800                . = (. + __stack_size)
 *fill*         0x0000000020000600      0x200 
                0x0000000020000800                PROVIDE (_eusrstack = .)
OUTPUT(build/main.elf elf32-littleriscv)

.debug_info     0x0000000000000000     0x3809
 .debug_info    0x0000000000000000       0xaa build/ch32v00x_it.o
 .debug_info    0x00000000000000aa      0x30d build/system_ch32v00x.o
 .debug_info    0x00000000000003b7      0x9ec build/main.o
 .debug_info    0x0000000000000da3      0x1e0 build/ch32v00x_dbgmcu.o
 .debug_info    0x0000000000000f83      0x574 build/ch32v00x_misc.o
 .debug_info    0x00000000000014f7      0xbbb build/ch32v00x_usart.o
 .debug_info    0x00000000000020b2      0x864 build/ch32v00x_rcc.o
 .debug_info    0x0000000000002916      0x748 build/ch32v00x_gpio.o
 .debug_info    0x000000000000305e      0x789 build/debug.o
 .debug_info    0x00000000000037e7       0x22 build/startup_ch32v00x.o

.debug_abbrev   0x0000000000000000     0x10dd
 .debug_abbrev  0x0000000000000000       0x46 build/ch32v00x_it.o
 .debug_abbrev  0x0000000000000046      0x167 build/system_ch32v00x.o
 .debug_abbrev  0x00000000000001ad      0x358 build/main.o
 .debug_abbrev  0x0000000000000505      0x174 build/ch32v00x_dbgmcu.o
 .debug_abbrev  0x0000000000000679      0x1c1 build/ch32v00x_misc.o
 .debug_abbrev  0x000000000000083a      0x215 build/ch32v00x_usart.o
 .debug_abbrev  0x0000000000000a4f      0x24e build/ch32v00x_rcc.o
 .debug_abbrev  0x0000000000000c9d      0x208 build/ch32v00x_gpio.o
 .debug_abbrev  0x0000000000000ea5      0x226 build/debug.o
 .debug_abbrev  0x00000000000010cb       0x12 build/startup_ch32v00x.o

.debug_aranges  0x0000000000000000      0x3e0
 .debug_aranges
                0x0000000000000000       0x28 build/ch32v00x_it.o
 .debug_aranges
                0x0000000000000028       0x28 build/system_ch32v00x.o
 .debug_aranges
                0x0000000000000050       0x40 build/main.o
 .debug_aranges
                0x0000000000000090       0x40 build/ch32v00x_dbgmcu.o
 .debug_aranges
                0x00000000000000d0       0x28 build/ch32v00x_misc.o
 .debug_aranges
                0x00000000000000f8      0x100 build/ch32v00x_usart.o
 .debug_aranges
                0x00000000000001f8       0xe0 build/ch32v00x_rcc.o
 .debug_aranges
                0x00000000000002d8       0x90 build/ch32v00x_gpio.o
 .debug_aranges
                0x0000000000000368       0x48 build/debug.o
 .debug_aranges
                0x00000000000003b0       0x30 build/startup_ch32v00x.o

.debug_ranges   0x0000000000000000      0x3c0
 .debug_ranges  0x0000000000000000       0x18 build/ch32v00x_it.o
 .debug_ranges  0x0000000000000018       0x18 build/system_ch32v00x.o
 .debug_ranges  0x0000000000000030       0x48 build/main.o
 .debug_ranges  0x0000000000000078       0x48 build/ch32v00x_dbgmcu.o
 .debug_ranges  0x00000000000000c0       0x60 build/ch32v00x_misc.o
 .debug_ranges  0x0000000000000120       0xf0 build/ch32v00x_usart.o
 .debug_ranges  0x0000000000000210       0xd0 build/ch32v00x_rcc.o
 .debug_ranges  0x00000000000002e0       0x80 build/ch32v00x_gpio.o
 .debug_ranges  0x0000000000000360       0x38 build/debug.o
 .debug_ranges  0x0000000000000398       0x28 build/startup_ch32v00x.o

.debug_line     0x0000000000000000     0x4099
 .debug_line    0x0000000000000000       0x80 build/ch32v00x_it.o
 .debug_line    0x0000000000000080      0x42c build/system_ch32v00x.o
 .debug_line    0x00000000000004ac      0x6ec build/main.o
 .debug_line    0x0000000000000b98      0x22b build/ch32v00x_dbgmcu.o
 .debug_line    0x0000000000000dc3      0x3b1 build/ch32v00x_misc.o
 .debug_line    0x0000000000001174      0xee1 build/ch32v00x_usart.o
 .debug_line    0x0000000000002055      0xca5 build/ch32v00x_rcc.o
 .debug_line    0x0000000000002cfa      0xb0b build/ch32v00x_gpio.o
 .debug_line    0x0000000000003805      0x6f1 build/debug.o
 .debug_line    0x0000000000003ef6      0x1a3 build/startup_ch32v00x.o

.debug_str      0x0000000000000000     0x130b
 .debug_str     0x0000000000000000      0x188 build/ch32v00x_it.o
                                        0x1c1 (size before relaxing)
 .debug_str     0x0000000000000188      0x128 build/system_ch32v00x.o
                                        0x2ee (size before relaxing)
 .debug_str     0x00000000000002b0      0x402 build/main.o
                                        0x611 (size before relaxing)
 .debug_str     0x00000000000006b2       0x85 build/ch32v00x_dbgmcu.o
                                        0x25d (size before relaxing)
 .debug_str     0x0000000000000737      0x2f9 build/ch32v00x_misc.o
                                        0x53a (size before relaxing)
 .debug_str     0x0000000000000a30      0x3f5 build/ch32v00x_usart.o
                                        0x73c (size before relaxing)
 .debug_str     0x0000000000000e25      0x29b build/ch32v00x_rcc.o
                                        0x5ee (size before relaxing)
 .debug_str     0x00000000000010c0      0x193 build/ch32v00x_gpio.o
                                        0x532 (size before relaxing)
 .debug_str     0x0000000000001253       0x99 build/debug.o
                                        0x558 (size before relaxing)
 .debug_str     0x00000000000012ec       0x1f build/startup_ch32v00x.o
                                         0x57 (size before relaxing)

.comment        0x0000000000000000       0x33
 .comment       0x0000000000000000       0x33 build/ch32v00x_it.o
                                         0x34 (size before relaxing)
 .comment       0x0000000000000033       0x34 build/system_ch32v00x.o
 .comment       0x0000000000000033       0x34 build/main.o
 .comment       0x0000000000000033       0x34 build/ch32v00x_dbgmcu.o
 .comment       0x0000000000000033       0x34 build/ch32v00x_misc.o
 .comment       0x0000000000000033       0x34 build/ch32v00x_usart.o
 .comment       0x0000000000000033       0x34 build/ch32v00x_rcc.o
 .comment       0x0000000000000033       0x34 build/ch32v00x_gpio.o
 .comment       0x0000000000000033       0x34 build/debug.o

.riscv.attributes
                0x0000000000000000       0x21
 .riscv.attributes
                0x0000000000000000       0x21 build/ch32v00x_it.o
 .riscv.attributes
                0x0000000000000021       0x21 build/system_ch32v00x.o
 .riscv.attributes
                0x0000000000000042       0x21 build/main.o
 .riscv.attributes
                0x0000000000000063       0x21 build/ch32v00x_dbgmcu.o
 .riscv.attributes
                0x0000000000000084       0x21 build/ch32v00x_misc.o
 .riscv.attributes
                0x00000000000000a5       0x21 build/ch32v00x_usart.o
 .riscv.attributes
                0x00000000000000c6       0x21 build/ch32v00x_rcc.o
 .riscv.attributes
                0x00000000000000e7       0x21 build/ch32v00x_gpio.o
 .riscv.attributes
                0x0000000000000108       0x21 build/debug.o
 .riscv.attributes
                0x0000000000000129       0x1f build/startup_ch32v00x.o
 .riscv.attributes
                0x0000000000000148       0x1f /home/carver/.local/RISC-V Embedded GCC12/bin/../lib/gcc/riscv-wch-elf/12.2.0/rv32ec/ilp32e/libgcc.a(muldi3.o)
 .riscv.attributes
                0x0000000000000167       0x1f /home/carver/.local/RISC-V Embedded GCC12/bin/../lib/gcc/riscv-wch-elf/12.2.0/rv32ec/ilp32e/libgcc.a(div.o)

.debug_frame    0x0000000000000000      0x770
 .debug_frame   0x0000000000000000       0x30 build/ch32v00x_it.o
 .debug_frame   0x0000000000000030       0x3c build/system_ch32v00x.o
 .debug_frame   0x000000000000006c       0xb8 build/main.o
 .debug_frame   0x0000000000000124       0x60 build/ch32v00x_dbgmcu.o
 .debug_frame   0x0000000000000184       0x30 build/ch32v00x_misc.o
 .debug_frame   0x00000000000001b4      0x204 build/ch32v00x_usart.o
 .debug_frame   0x00000000000003b8      0x1c0 build/ch32v00x_rcc.o
 .debug_frame   0x0000000000000578      0x134 build/ch32v00x_gpio.o
 .debug_frame   0x00000000000006ac       0xc4 build/debug.o

.debug_loc      0x0000000000000000     0x1acf
 .debug_loc     0x0000000000000000       0x9b build/system_ch32v00x.o
 .debug_loc     0x000000000000009b      0x23f build/main.o
 .debug_loc     0x00000000000002da       0x6e build/ch32v00x_dbgmcu.o
 .debug_loc     0x0000000000000348       0xcd build/ch32v00x_misc.o
 .debug_loc     0x0000000000000415      0x77e build/ch32v00x_usart.o
 .debug_loc     0x0000000000000b93      0x522 build/ch32v00x_rcc.o
 .debug_loc     0x00000000000010b5      0x79a build/ch32v00x_gpio.o
 .debug_loc     0x000000000000184f      0x280 build/debug.o
